#-----------------------------------------------------------
# Vivado v2022.2 (64-bit)
# SW Build 3671981 on Fri Oct 14 04:59:54 MDT 2022
# IP Build 3669848 on Fri Oct 14 08:30:02 MDT 2022
# Start of session at: Sun Jul 20 18:38:31 2025
# Process ID: 19359
# Current directory: /home/goeun/gitHub/Braille_generator_FPGA/line_buffer/project_1
# Command line: vivado
# Log file: /home/goeun/gitHub/Braille_generator_FPGA/line_buffer/project_1/vivado.log
# Journal file: /home/goeun/gitHub/Braille_generator_FPGA/line_buffer/project_1/vivado.jou
# Running On: goeun-desktop, OS: Linux, CPU Frequency: 3718.733 MHz, CPU Physical cores: 4, Host memory: 16573 MB
#-----------------------------------------------------------
start_gui
open_project /home/goeun/gitHub/Braille_generator_FPGA/line_buffer/project_1/project_1.xpr
update_compile_order -fileset sources_1
launch_simulation
source tb_line_buffer.tcl
run all
relaunch_sim
run all
restart
run all
relaunch_sim
relaunch_sim
relaunch_sim
relaunch_sim
relaunch_sim
relaunch_sim
run all
relaunch_sim
run all
relaunch_sim
run all
relaunch_sim
run all
relaunch_sim
run all
relaunch_sim
run all
relaunch_sim
run all
relaunch_sim
run all
relaunch_sim
run all
relaunch_sim
run all
relaunch_sim
run all
relaunch_sim
run all
relaunch_sim
relaunch_sim
run all
relaunch_sim
run all
relaunch_sim
run all
relaunch_sim
run all
relaunch_sim
run all
relaunch_sim
run all
relaunch_sim
run all
relaunch_sim
run all
relaunch_sim
run all
relaunch_sim
run all
relaunch_sim
run all
relaunch_sim
run all
relaunch_sim
run all
run all
relaunch_sim
run all
relaunch_sim
run all
relaunch_sim
run all
run all
relaunch_sim
run all
run all
relaunch_sim
run all
run all
restart
run all
relaunch_sim
run all
relaunch_sim
run all
run all
run all
relaunch_sim
run all
run all
relaunch_sim
run all
relaunch_sim
run all
run all
run all
relaunch_sim
run all
run all
relaunch_sim
relaunch_sim
run all
run all
relaunch_sim
run all
run all
relaunch_sim
run all
run all
run all
run all
run all
run all
run 10 s
run 10 s
run 10 s
run 10 s
run 10 s
run 10 s
run 10 s
run 10 s
run all
run all
run 100 s
run all
run all
run all
run all
run all
run all
run all
run all
relaunch_sim
run all
run all
run all
relaunch_sim
run all
run all
run all
run all
run 1000 s
run 1000 s
restart
run 1000 s
run 1000 s
run 1000 s
run 1000 s
run 1000 s
run 1000 s
run 1000 s
step
run 1000 s
run 1000 s
run 1000 s
run 1000 s
run 1000 s
run 1000 s
run 1000 s
run 1000 s
run 1000 s
run 1000 s
run 1000 s
run 1000 s
run 1000 s
run 1000 s
run 1000 s
run 1000 s
run 1000 s
run 1000 s
run 1000 s
relaunch_sim
run all
run all
run all
run all
run all
run all
run all
run all
run all
run all
run all
run all
run all
run all
run all
run all
run all
run all
run all
run all
run all
run all
run all
run all
run all
run all
close_sim
