Vivado Simulator v2022.2
Copyright 1986-1999, 2001-2022 Xilinx, Inc. All Rights Reserved.
Running: /media/goeun/E/Vivado/2022.2/bin/unwrapped/lnx64.o/xelab --incr --debug typical --relax --mt 8 -L xil_defaultlib -L uvm -L unisims_ver -L unimacro_ver -L unisims_ver -L secureip --snapshot tb_top_behav xil_defaultlib.tb_top xil_defaultlib.glbl -log elaborate.log -L uvm 
Using 8 slave threads.
Starting static elaboration
Pass Through NonSizing Optimizer
WARNING: [VRFC 10-3597] non-void function 'get' called as a task without void casting [/home/goeun/gitHub/Braille_generator_FPGA/uvm/CNN_UVM.srcs/sim_1/imports/new/scoreboard.sv:19]
WARNING: [VRFC 10-3597] non-void function 'get' called as a task without void casting [/home/goeun/gitHub/Braille_generator_FPGA/uvm/CNN_UVM.srcs/sim_1/imports/new/scoreboard.sv:20]
Completed static elaboration
Starting simulation data flow analysis
WARNING: [XSIM 43-4099] "/proj/xbuilds/SWIP/9999.0_0921_2117/installs/lin64/Vivado/2023.1/data/system_verilog/uvm_1.2/xlnx_uvm_package.sv" Line 4356. Module uvm_pkg doesn't have a timescale but at least one module in design has a timescale.
WARNING: [XSIM 43-4099] "/proj/xbuilds/SWIP/9999.0_0921_2117/installs/lin64/Vivado/2023.1/data/system_verilog/uvm_1.2/xlnx_uvm_package.sv" Line 4356. Module uvm_pkg doesn't have a timescale but at least one module in design has a timescale.
WARNING: [XSIM 43-4468] File : /proj/xbuilds/SWIP/9999.0_0921_2117/installs/lin64/Vivado/2023.1/data/system_verilog/uvm_1.2/xlnx_uvm_package.sv, Line : 25994, RANDC variable size more than 8 bits. This will be treated as a RAND variable instead.
WARNING: [XSIM 43-4099] "/home/goeun/gitHub/Braille_generator_FPGA/uvm/CNN_UVM.srcs/sources_1/imports/new/top.v" Line 5. Module top doesn't have a timescale but at least one module in design has a timescale.
WARNING: [XSIM 43-4099] "/home/goeun/gitHub/Braille_generator_FPGA/uvm/CNN_UVM.srcs/sources_1/imports/new/apb3_ip.v" Line 11. Module custom_ip_APB3 doesn't have a timescale but at least one module in design has a timescale.
WARNING: [XSIM 43-4099] "/home/goeun/gitHub/Braille_generator_FPGA/uvm/CNN_UVM.srcs/sources_1/imports/new/cnn_kernel.v" Line 1. Module cnn_kernel doesn't have a timescale but at least one module in design has a timescale.
WARNING: [XSIM 43-4099] "/home/goeun/gitHub/Braille_generator_FPGA/uvm/CNN_UVM.srcs/sources_1/imports/new/top.v" Line 5. Module top doesn't have a timescale but at least one module in design has a timescale.
WARNING: [XSIM 43-4099] "/home/goeun/gitHub/Braille_generator_FPGA/uvm/CNN_UVM.srcs/sources_1/imports/new/apb3_ip.v" Line 11. Module custom_ip_APB3 doesn't have a timescale but at least one module in design has a timescale.
WARNING: [XSIM 43-4099] "/home/goeun/gitHub/Braille_generator_FPGA/uvm/CNN_UVM.srcs/sources_1/imports/new/cnn_kernel.v" Line 1. Module cnn_kernel doesn't have a timescale but at least one module in design has a timescale.
Completed simulation data flow analysis
Time Resolution for simulation is 1ps
Compiling package xil_defaultlib.$unit_apb_packet_sv_543708521
Compiling package uvm.uvm_pkg
Compiling package std.std
Compiling package xil_defaultlib.tb_pkg
Compiling module xil_defaultlib.apb_if
Compiling module xil_defaultlib.cnn_intf
Compiling module xil_defaultlib.custom_ip_APB3
Compiling module xil_defaultlib.cnn_kernel
Compiling module xil_defaultlib.top
Compiling module xil_defaultlib.tb_top
Compiling module xil_defaultlib.glbl
Built simulation snapshot tb_top_behav
