#-----------------------------------------------------------
# Vivado v2020.2 (64-bit)
# SW Build 3064766 on Wed Nov 18 09:12:45 MST 2020
# IP Build 3064653 on Wed Nov 18 14:17:31 MST 2020
# Start of session at: Mon Aug  4 15:02:35 2025
# Process ID: 19336
# Current directory: C:/Users/kccistc/Documents/GitHub/Braille_generator_FPGA/uvm/project_1
# Command line: vivado.exe -gui_launcher_event rodinguilauncherevent17372 C:\Users\kccistc\Documents\GitHub\Braille_generator_FPGA\uvm\project_1\project_1.xpr
# Log file: C:/Users/kccistc/Documents/GitHub/Braille_generator_FPGA/uvm/project_1/vivado.log
# Journal file: C:/Users/kccistc/Documents/GitHub/Braille_generator_FPGA/uvm/project_1\vivado.jou
#-----------------------------------------------------------
start_gui
open_project C:/Users/kccistc/Documents/GitHub/Braille_generator_FPGA/uvm/project_1/project_1.xpr
WARNING: [filemgmt 56-3] Default IP Output Path : Could not find the directory 'C:/Users/kccistc/Documents/GitHub/Braille_generator_FPGA/uvm/project_1/project_1.gen/sources_1'.
Scanning sources...
Finished scanning sources
INFO: [IP_Flow 19-234] Refreshing IP repositories
INFO: [IP_Flow 19-1704] No user IP repositories specified
INFO: [IP_Flow 19-2313] Loaded Vivado IP repository 'C:/Xilinx/Vivado/2020.2/data/ip'.
update_compile_order -fileset sources_1
WARNING: [filemgmt 56-315] Source scanning failed during design analysis. To get more details run synthesis or simulation and check the log.
launch_simulation
Command: launch_simulation 
INFO: [Vivado 12-5682] Launching behavioral simulation in 'C:/Users/kccistc/Documents/GitHub/Braille_generator_FPGA/uvm/project_1/project_1.sim/sim_1/behav/xsim'
INFO: [SIM-utils-51] Simulation object is 'sim_1'
INFO: [SIM-utils-54] Inspecting design source files for 'tb_top' in fileset 'sim_1'...
INFO: [USF-XSim-97] Finding global include files...
INFO: [USF-XSim-98] Fetching design files from 'sim_1'...
INFO: [USF-XSim-2] XSim::Compile design
INFO: [USF-XSim-61] Executing 'COMPILE and ANALYZE' step in 'C:/Users/kccistc/Documents/GitHub/Braille_generator_FPGA/uvm/project_1/project_1.sim/sim_1/behav/xsim'
"xvlog --incr --relax -L uvm -L uvm -prj tb_top_vlog.prj"
INFO: [USF-XSim-69] 'compile' step finished in '1' seconds
INFO: [USF-XSim-3] XSim::Elaborate design
INFO: [USF-XSim-61] Executing 'ELABORATE' step in 'C:/Users/kccistc/Documents/GitHub/Braille_generator_FPGA/uvm/project_1/project_1.sim/sim_1/behav/xsim'
"xelab -wto c8a14d3e19a047918ebfa9461a76b28b --incr --debug typical --relax --mt 2 -L xil_defaultlib -L uvm -L unisims_ver -L unimacro_ver -L unisims_ver -L secureip --snapshot tb_top_behav xil_defaultlib.tb_top xil_defaultlib.glbl -log elaborate.log -L uvm"
Vivado Simulator 2020.2
Copyright 1986-1999, 2001-2020 Xilinx, Inc. All Rights Reserved.
Running: C:/Xilinx/Vivado/2020.2/bin/unwrapped/win64.o/xelab.exe -wto c8a14d3e19a047918ebfa9461a76b28b --incr --debug typical --relax --mt 2 -L xil_defaultlib -L uvm -L unisims_ver -L unimacro_ver -L unisims_ver -L secureip --snapshot tb_top_behav xil_defaultlib.tb_top xil_defaultlib.glbl -log elaborate.log -L uvm 
Using 2 slave threads.
Starting static elaboration
Pass Through NonSizing Optimizer
WARNING: [VRFC 10-3597] non-void function 'get' called as a task without void casting [C:/Users/kccistc/Documents/GitHub/Braille_generator_FPGA/uvm/project_1/project_1.srcs/sim_1/imports/new/scoreboard.sv:19]
WARNING: [VRFC 10-3597] non-void function 'get' called as a task without void casting [C:/Users/kccistc/Documents/GitHub/Braille_generator_FPGA/uvm/project_1/project_1.srcs/sim_1/imports/new/scoreboard.sv:20]
Completed static elaboration
INFO: [XSIM 43-4323] No Change in HDL. Linking previously generated obj files to create kernel
run_program: Time (s): cpu = 00:00:00 ; elapsed = 00:00:13 . Memory (MB): peak = 1105.895 ; gain = 0.000
INFO: [USF-XSim-69] 'elaborate' step finished in '12' seconds
INFO: [USF-XSim-4] XSim::Simulate design
INFO: [USF-XSim-61] Executing 'SIMULATE' step in 'C:/Users/kccistc/Documents/GitHub/Braille_generator_FPGA/uvm/project_1/project_1.sim/sim_1/behav/xsim'
INFO: [USF-XSim-98] *** Running xsim
   with args "tb_top_behav -key {Behavioral:sim_1:Functional:tb_top} -tclbatch {tb_top.tcl} -log {simulate.log}"
INFO: [USF-XSim-8] Loading simulator feature
Vivado Simulator 2020.2
Time resolution is 1 ps
source tb_top.tcl
# set curr_wave [current_wave_config]
# if { [string length $curr_wave] == 0 } {
#   if { [llength [get_objects]] > 0} {
#     add_wave /
#     set_property needs_save false [current_wave_config]
#   } else {
#      send_msg_id Add_Wave-1 WARNING "No top level signals found. Simulator will start without a wave window. If you want to open a wave window go to 'File->New Waveform Configuration' or type 'create_wave_config' in the TCL console."
#   }
# }
# run 1000ns
UVM_INFO /proj/xbuilds/SWIP/2020.2_0711_1805/installs/lin64/Vivado/2020.2/data/system_verilog/uvm_1.2/xlnx_uvm_package.sv(18601) @ 0: reporter [UVM/RELNOTES] 
      (Specify +UVM_NO_RELNOTES to turn off this notice)
  with `UVM_OBJECT_DO_NOT_NEED_CONSTRUCTOR undefined.

  You are using a version of the UVM library that has been compiled
  with `UVM_NO_DEPRECATED undefined.

  You are using a version of the UVM library that has been compiled

  ***********       IMPORTANT RELEASE NOTES         ************
----------------------------------------------------------------
(C) 2013-2014 NVIDIA Corporation
(C) 2011-2013 Cypress Semiconductor Corp.
(C) 2006-2014 Synopsys, Inc.
(C) 2007-2014 Cadence Design Systems, Inc.
(C) 2007-2014 Mentor Graphics Corporation


----------------------------------------------------------------

UVM_WARNING @ 0: reporter [TPRGED] Type name 'apb_monitor' already registered with factory. No string-based lookup support for multiple types with the same type name.
UVM_WARNING @ 0: reporter [TPRGED] Type name 'apb_driver' already registered with factory. No string-based lookup support for multiple types with the same type name.
UVM_WARNING @ 0: reporter [TPRGED] Type name 'apb_sequencer' already registered with factory. No string-based lookup support for multiple types with the same type name.
UVM_WARNING @ 0: reporter [TPRGED] Type name 'apb_agent' already registered with factory. No string-based lookup support for multiple types with the same type name.
UVM_WARNING @ 0: reporter [TPRGED] Type name 'apb_env' already registered with factory. No string-based lookup support for multiple types with the same type name.
UVM_WARNING @ 0: reporter [TPRGED] Type name 'scoreboard' already registered with factory. No string-based lookup support for multiple types with the same type name.
UVM_WARNING @ 0: reporter [TPRGED] Type name 'tb_env' already registered with factory. No string-based lookup support for multiple types with the same type name.
UVM_WARNING @ 0: reporter [TPRGED] Type name 'apb_packet' already registered with factory. No string-based lookup support for multiple types with the same type name.
UVM_WARNING @ 0: reporter [TPRGED] Type name 'cnn_sequence' already registered with factory. No string-based lookup support for multiple types with the same type name.
UVM_INFO @ 0: reporter [RNTST] Running test cnn_test...
UVM_INFO C:/Users/kccistc/Documents/GitHub/Braille_generator_FPGA/uvm/project_1/project_1.srcs/sim_1/imports/new/base_test.sv(14) @ 0: uvm_test_top [cnn_test] build_phase(test_lib)uvm_test_top
UVM_INFO C:/Users/kccistc/Documents/GitHub/Braille_generator_FPGA/uvm/project_1/project_1.srcs/sim_1/imports/new/cnn_test.sv(12) @ 0: uvm_test_top [uvm_test_top] build_phase
UVM_INFO C:/Users/kccistc/Documents/GitHub/Braille_generator_FPGA/uvm/project_1/project_1.srcs/sim_1/imports/new/tb_env.sv(16) @ 0: uvm_test_top.tb [uvm_test_top.tb] build_phase
UVM_INFO C:/Users/kccistc/Documents/GitHub/Braille_generator_FPGA/uvm/project_1/project_1.srcs/sim_1/imports/new/apb_env.sv(15) @ 0: uvm_test_top.tb.apb [apb_env] [BUILD PHASE] APB ENV
UVM_INFO C:/Users/kccistc/Documents/GitHub/Braille_generator_FPGA/uvm/project_1/project_1.srcs/sim_1/imports/new/apb_agent.sv(24) @ 0: uvm_test_top.tb.apb.agent [apb_agent] [BUILD PHASE] APB AGENT 1
UVM_INFO C:/Users/kccistc/Documents/GitHub/Braille_generator_FPGA/uvm/project_1/project_1.srcs/sim_1/imports/new/apb_driver.sv(16) @ 0: uvm_test_top.tb.apb.agent.driver [apb_driver] [BUILD PHASE] apb_driver build
UVM_INFO C:/Users/kccistc/Documents/GitHub/Braille_generator_FPGA/uvm/project_1/project_1.srcs/sim_1/imports/new/apb_monitor.sv(23) @ 0: uvm_test_top.tb.apb.agent.monitor [apb_monitor] [BUILD PHASE] apb_monitor build phase
UVM_INFO C:/Users/kccistc/Documents/GitHub/Braille_generator_FPGA/uvm/project_1/project_1.srcs/sim_1/imports/new/scoreboard.sv(21) @ 0: uvm_test_top.tb.sb [scoreboard] [BUILD_PHASE] scoreboard build
UVM_INFO C:/Users/kccistc/Documents/GitHub/Braille_generator_FPGA/uvm/project_1/project_1.srcs/sim_1/imports/new/apb_agent.sv(29) @ 0: uvm_test_top.tb.apb.agent [apb_agent] [CONNECT PHASE] connect start
UVM_INFO C:/Users/kccistc/Documents/GitHub/Braille_generator_FPGA/uvm/project_1/project_1.srcs/sim_1/imports/new/tb_env.sv(21) @ 0: uvm_test_top.tb [uvm_test_top.tb] Connect phase complete.
UVM_INFO /proj/xbuilds/SWIP/2020.2_0711_1805/installs/lin64/Vivado/2020.2/data/system_verilog/uvm_1.2/xlnx_uvm_package.sv(20867) @ 0: reporter [UVM/COMP/NAMECHECK] This implementation of the component name checks requires DPI to be enabled
UVM_INFO C:/Users/kccistc/Documents/GitHub/Braille_generator_FPGA/uvm/project_1/project_1.srcs/sim_1/imports/new/cnn_test.sv(16) @ 0: uvm_test_top [uvm_test_top] run_phase
UVM_INFO C:/Users/kccistc/Documents/GitHub/Braille_generator_FPGA/uvm/project_1/project_1.srcs/sim_1/imports/new/scoreboard.sv(26) @ 0: uvm_test_top.tb.sb [scoreboard] [RUN_PHASE] scoreboard run_phase
UVM_INFO C:/Users/kccistc/Documents/GitHub/Braille_generator_FPGA/uvm/project_1/project_1.srcs/sim_1/imports/new/apb_monitor.sv(31) @ 0: uvm_test_top.tb.apb.agent.monitor [apb_monitor] run_phase
UVM_INFO C:/Users/kccistc/Documents/GitHub/Braille_generator_FPGA/uvm/project_1/project_1.srcs/sim_1/imports/new/apb_monitor.sv(38) @ 0: uvm_test_top.tb.apb.agent.monitor [uvm_test_top.tb.apb.agent.monitor] Run stage start.
UVM_INFO C:/Users/kccistc/Documents/GitHub/Braille_generator_FPGA/uvm/project_1/project_1.srcs/sim_1/imports/new/apb_driver.sv(20) @ 0: uvm_test_top.tb.apb.agent.driver [apb_driver] [RUN PHASE] driver run_phase start
UVM_INFO C:/Users/kccistc/Documents/GitHub/Braille_generator_FPGA/uvm/project_1/project_1.srcs/sim_1/imports/new/apb_driver.sv(40) @ 0: uvm_test_top.tb.apb.agent.driver [apb_driver] Drive signals ... 
UVM_INFO C:/Users/kccistc/Documents/GitHub/Braille_generator_FPGA/uvm/project_1/project_1.srcs/sim_1/imports/new/cnn_seq.sv(44) @ 0: uvm_test_top.tb.apb.agent.sequencer@@seq [cnn_sequence] cnn_seq body() start
UVM_INFO C:/Users/kccistc/Documents/GitHub/Braille_generator_FPGA/uvm/project_1/project_1.srcs/sim_1/imports/new/cnn_seq.sv(9) @ 0: uvm_test_top.tb.apb.agent.sequencer@@seq [cnn_sequence] [HW_WRITE] ADDR: 0x008, WDATA: 0x004
UVM_INFO C:/Users/kccistc/Documents/GitHub/Braille_generator_FPGA/uvm/project_1/project_1.srcs/sim_1/imports/new/apb_driver.sv(30) @ 1000: uvm_test_top.tb.apb.agent.driver [apb_driver] negedge apb_vif.PRESETN
UVM_INFO C:/Users/kccistc/Documents/GitHub/Braille_generator_FPGA/uvm/project_1/project_1.srcs/sim_1/imports/new/scoreboard.sv(97) @ 20000: uvm_test_top.tb.sb [scoreboard] [Packet] ADDR: 0x008, [DUT] ADDR: 0x008
UVM_INFO C:/Users/kccistc/Documents/GitHub/Braille_generator_FPGA/uvm/project_1/project_1.srcs/sim_1/imports/new/scoreboard.sv(101) @ 20000: uvm_test_top.tb.sb [scoreboard] [Packet] WDATA: 0x004, [DUT] WDATA: 0x004
UVM_INFO C:/Users/kccistc/Documents/GitHub/Braille_generator_FPGA/uvm/project_1/project_1.srcs/sim_1/imports/new/cnn_seq.sv(9) @ 35000: uvm_test_top.tb.apb.agent.sequencer@@seq [cnn_sequence] [HW_WRITE] ADDR: 0x000, WDATA: 0x002
UVM_INFO C:/Users/kccistc/Documents/GitHub/Braille_generator_FPGA/uvm/project_1/project_1.srcs/sim_1/imports/new/scoreboard.sv(97) @ 60000: uvm_test_top.tb.sb [scoreboard] [Packet] ADDR: 0x000, [DUT] ADDR: 0x000
UVM_INFO C:/Users/kccistc/Documents/GitHub/Braille_generator_FPGA/uvm/project_1/project_1.srcs/sim_1/imports/new/scoreboard.sv(101) @ 60000: uvm_test_top.tb.sb [scoreboard] [Packet] WDATA: 0x002, [DUT] WDATA: 0x002
UVM_INFO C:/Users/kccistc/Documents/GitHub/Braille_generator_FPGA/uvm/project_1/project_1.srcs/sim_1/imports/new/cnn_seq.sv(9) @ 75000: uvm_test_top.tb.apb.agent.sequencer@@seq [cnn_sequence] [HW_WRITE] ADDR: 0x004, WDATA: 0x001
UVM_INFO C:/Users/kccistc/Documents/GitHub/Braille_generator_FPGA/uvm/project_1/project_1.srcs/sim_1/imports/new/scoreboard.sv(97) @ 100000: uvm_test_top.tb.sb [scoreboard] [Packet] ADDR: 0x004, [DUT] ADDR: 0x004
UVM_INFO C:/Users/kccistc/Documents/GitHub/Braille_generator_FPGA/uvm/project_1/project_1.srcs/sim_1/imports/new/scoreboard.sv(101) @ 100000: uvm_test_top.tb.sb [scoreboard] [Packet] WDATA: 0x001, [DUT] WDATA: 0x001
UVM_INFO C:/Users/kccistc/Documents/GitHub/Braille_generator_FPGA/uvm/project_1/project_1.srcs/sim_1/imports/new/scoreboard.sv(97) @ 140000: uvm_test_top.tb.sb [scoreboard] [Packet] ADDR: 0x008, [DUT] ADDR: 0x008
UVM_INFO C:/Users/kccistc/Documents/GitHub/Braille_generator_FPGA/uvm/project_1/project_1.srcs/sim_1/imports/new/scoreboard.sv(104) @ 140000: uvm_test_top.tb.sb [scoreboard] [Packet] RDATA: 0x004, [DUT] RDATA: 0x004
UVM_INFO C:/Users/kccistc/Documents/GitHub/Braille_generator_FPGA/uvm/project_1/project_1.srcs/sim_1/imports/new/scoreboard.sv(62) @ 155000: uvm_test_top.tb.sb [scoreboard] Fmap set to: 0x04
UVM_INFO C:/Users/kccistc/Documents/GitHub/Braille_generator_FPGA/uvm/project_1/project_1.srcs/sim_1/imports/new/cnn_seq.sv(26) @ 155000: uvm_test_top.tb.apb.agent.sequencer@@seq [cnn_sequence] [HW_READ] ADDR: 0x008, RDATA: 0x004
UVM_INFO C:/Users/kccistc/Documents/GitHub/Braille_generator_FPGA/uvm/project_1/project_1.srcs/sim_1/imports/new/scoreboard.sv(97) @ 180000: uvm_test_top.tb.sb [scoreboard] [Packet] ADDR: 0x000, [DUT] ADDR: 0x000
UVM_INFO C:/Users/kccistc/Documents/GitHub/Braille_generator_FPGA/uvm/project_1/project_1.srcs/sim_1/imports/new/scoreboard.sv(104) @ 180000: uvm_test_top.tb.sb [scoreboard] [Packet] RDATA: 0x002, [DUT] RDATA: 0x002
UVM_INFO C:/Users/kccistc/Documents/GitHub/Braille_generator_FPGA/uvm/project_1/project_1.srcs/sim_1/imports/new/scoreboard.sv(55) @ 185000: uvm_test_top.tb.sb [scoreboard] Weight set to: 0x02
UVM_INFO C:/Users/kccistc/Documents/GitHub/Braille_generator_FPGA/uvm/project_1/project_1.srcs/sim_1/imports/new/cnn_seq.sv(26) @ 195000: uvm_test_top.tb.apb.agent.sequencer@@seq [cnn_sequence] [HW_READ] ADDR: 0x000, RDATA: 0x002
UVM_INFO C:/Users/kccistc/Documents/GitHub/Braille_generator_FPGA/uvm/project_1/project_1.srcs/sim_1/imports/new/scoreboard.sv(97) @ 220000: uvm_test_top.tb.sb [scoreboard] [Packet] ADDR: 0x004, [DUT] ADDR: 0x004
UVM_INFO C:/Users/kccistc/Documents/GitHub/Braille_generator_FPGA/uvm/project_1/project_1.srcs/sim_1/imports/new/scoreboard.sv(104) @ 220000: uvm_test_top.tb.sb [scoreboard] [Packet] RDATA: 0x001, [DUT] RDATA: 0x001
UVM_INFO C:/Users/kccistc/Documents/GitHub/Braille_generator_FPGA/uvm/project_1/project_1.srcs/sim_1/imports/new/scoreboard.sv(75) @ 235000: uvm_test_top.tb.sb [scoreboard] [PASS] fmap (0x04) × weight (0x02) = 0x0008 (cnn_out)
UVM_INFO C:/Users/kccistc/Documents/GitHub/Braille_generator_FPGA/uvm/project_1/project_1.srcs/sim_1/imports/new/cnn_seq.sv(26) @ 235000: uvm_test_top.tb.apb.agent.sequencer@@seq [cnn_sequence] [HW_READ] ADDR: 0x004, RDATA: 0x001
INFO: [USF-XSim-96] XSim completed. Design snapshot 'tb_top_behav' loaded.
INFO: [USF-XSim-97] XSim simulation ran for 1000ns
launch_simulation: Time (s): cpu = 00:00:03 ; elapsed = 00:00:17 . Memory (MB): peak = 1105.895 ; gain = 0.000
relaunch_sim
Command: launch_simulation -simset sim_1 -mode behavioral
INFO: [Vivado 12-5682] Launching behavioral simulation in 'C:/Users/kccistc/Documents/GitHub/Braille_generator_FPGA/uvm/project_1/project_1.sim/sim_1/behav/xsim'
INFO: [SIM-utils-51] Simulation object is 'sim_1'
INFO: [SIM-utils-54] Inspecting design source files for 'tb_top' in fileset 'sim_1'...
INFO: [USF-XSim-97] Finding global include files...
INFO: [USF-XSim-98] Fetching design files from 'sim_1'...
INFO: [USF-XSim-2] XSim::Compile design
INFO: [USF-XSim-61] Executing 'COMPILE and ANALYZE' step in 'C:/Users/kccistc/Documents/GitHub/Braille_generator_FPGA/uvm/project_1/project_1.sim/sim_1/behav/xsim'
"xvlog --incr --relax -L uvm -L uvm -prj tb_top_vlog.prj"
INFO: [USF-XSim-69] 'compile' step finished in '1' seconds
Command: launch_simulation -simset sim_1 -mode behavioral
INFO: [Vivado 12-5682] Launching behavioral simulation in 'C:/Users/kccistc/Documents/GitHub/Braille_generator_FPGA/uvm/project_1/project_1.sim/sim_1/behav/xsim'
INFO: [USF-XSim-3] XSim::Elaborate design
INFO: [USF-XSim-61] Executing 'ELABORATE' step in 'C:/Users/kccistc/Documents/GitHub/Braille_generator_FPGA/uvm/project_1/project_1.sim/sim_1/behav/xsim'
"xelab -wto c8a14d3e19a047918ebfa9461a76b28b --incr --debug typical --relax --mt 2 -L xil_defaultlib -L uvm -L unisims_ver -L unimacro_ver -L unisims_ver -L secureip --snapshot tb_top_behav xil_defaultlib.tb_top xil_defaultlib.glbl -log elaborate.log -L uvm"
Vivado Simulator 2020.2
Copyright 1986-1999, 2001-2020 Xilinx, Inc. All Rights Reserved.
Running: C:/Xilinx/Vivado/2020.2/bin/unwrapped/win64.o/xelab.exe -wto c8a14d3e19a047918ebfa9461a76b28b --incr --debug typical --relax --mt 2 -L xil_defaultlib -L uvm -L unisims_ver -L unimacro_ver -L unisims_ver -L secureip --snapshot tb_top_behav xil_defaultlib.tb_top xil_defaultlib.glbl -log elaborate.log -L uvm 
Using 2 slave threads.
Starting static elaboration
Pass Through NonSizing Optimizer
WARNING: [VRFC 10-3597] non-void function 'get' called as a task without void casting [C:/Users/kccistc/Documents/GitHub/Braille_generator_FPGA/uvm/project_1/project_1.srcs/sim_1/imports/new/scoreboard.sv:19]
WARNING: [VRFC 10-3597] non-void function 'get' called as a task without void casting [C:/Users/kccistc/Documents/GitHub/Braille_generator_FPGA/uvm/project_1/project_1.srcs/sim_1/imports/new/scoreboard.sv:20]
Completed static elaboration
INFO: [XSIM 43-4323] No Change in HDL. Linking previously generated obj files to create kernel
run_program: Time (s): cpu = 00:00:00 ; elapsed = 00:00:13 . Memory (MB): peak = 1105.895 ; gain = 0.000
INFO: [USF-XSim-69] 'elaborate' step finished in '13' seconds
launch_simulation: Time (s): cpu = 00:00:00 ; elapsed = 00:00:13 . Memory (MB): peak = 1105.895 ; gain = 0.000
Vivado Simulator 2020.2
Time resolution is 1 ps
UVM_INFO /proj/xbuilds/SWIP/2020.2_0711_1805/installs/lin64/Vivado/2020.2/data/system_verilog/uvm_1.2/xlnx_uvm_package.sv(18601) @ 0: reporter [UVM/RELNOTES] 
      (Specify +UVM_NO_RELNOTES to turn off this notice)
  with `UVM_OBJECT_DO_NOT_NEED_CONSTRUCTOR undefined.

  You are using a version of the UVM library that has been compiled
  with `UVM_NO_DEPRECATED undefined.

  You are using a version of the UVM library that has been compiled

  ***********       IMPORTANT RELEASE NOTES         ************
----------------------------------------------------------------
(C) 2013-2014 NVIDIA Corporation
(C) 2011-2013 Cypress Semiconductor Corp.
(C) 2006-2014 Synopsys, Inc.
(C) 2007-2014 Cadence Design Systems, Inc.
(C) 2007-2014 Mentor Graphics Corporation


----------------------------------------------------------------

UVM_WARNING @ 0: reporter [TPRGED] Type name 'apb_monitor' already registered with factory. No string-based lookup support for multiple types with the same type name.
UVM_WARNING @ 0: reporter [TPRGED] Type name 'apb_driver' already registered with factory. No string-based lookup support for multiple types with the same type name.
UVM_WARNING @ 0: reporter [TPRGED] Type name 'apb_sequencer' already registered with factory. No string-based lookup support for multiple types with the same type name.
UVM_WARNING @ 0: reporter [TPRGED] Type name 'apb_agent' already registered with factory. No string-based lookup support for multiple types with the same type name.
UVM_WARNING @ 0: reporter [TPRGED] Type name 'apb_env' already registered with factory. No string-based lookup support for multiple types with the same type name.
UVM_WARNING @ 0: reporter [TPRGED] Type name 'scoreboard' already registered with factory. No string-based lookup support for multiple types with the same type name.
UVM_WARNING @ 0: reporter [TPRGED] Type name 'tb_env' already registered with factory. No string-based lookup support for multiple types with the same type name.
UVM_WARNING @ 0: reporter [TPRGED] Type name 'apb_packet' already registered with factory. No string-based lookup support for multiple types with the same type name.
UVM_WARNING @ 0: reporter [TPRGED] Type name 'cnn_sequence' already registered with factory. No string-based lookup support for multiple types with the same type name.
UVM_INFO @ 0: reporter [RNTST] Running test cnn_test...
UVM_INFO C:/Users/kccistc/Documents/GitHub/Braille_generator_FPGA/uvm/project_1/project_1.srcs/sim_1/imports/new/base_test.sv(14) @ 0: uvm_test_top [cnn_test] build_phase(test_lib)uvm_test_top
UVM_INFO C:/Users/kccistc/Documents/GitHub/Braille_generator_FPGA/uvm/project_1/project_1.srcs/sim_1/imports/new/cnn_test.sv(12) @ 0: uvm_test_top [uvm_test_top] build_phase
UVM_INFO C:/Users/kccistc/Documents/GitHub/Braille_generator_FPGA/uvm/project_1/project_1.srcs/sim_1/imports/new/tb_env.sv(16) @ 0: uvm_test_top.tb [uvm_test_top.tb] build_phase
UVM_INFO C:/Users/kccistc/Documents/GitHub/Braille_generator_FPGA/uvm/project_1/project_1.srcs/sim_1/imports/new/apb_env.sv(15) @ 0: uvm_test_top.tb.apb [apb_env] [BUILD PHASE] APB ENV
UVM_INFO C:/Users/kccistc/Documents/GitHub/Braille_generator_FPGA/uvm/project_1/project_1.srcs/sim_1/imports/new/apb_agent.sv(24) @ 0: uvm_test_top.tb.apb.agent [apb_agent] [BUILD PHASE] APB AGENT 1
UVM_INFO C:/Users/kccistc/Documents/GitHub/Braille_generator_FPGA/uvm/project_1/project_1.srcs/sim_1/imports/new/apb_driver.sv(16) @ 0: uvm_test_top.tb.apb.agent.driver [apb_driver] [BUILD PHASE] apb_driver build
UVM_INFO C:/Users/kccistc/Documents/GitHub/Braille_generator_FPGA/uvm/project_1/project_1.srcs/sim_1/imports/new/apb_monitor.sv(23) @ 0: uvm_test_top.tb.apb.agent.monitor [apb_monitor] [BUILD PHASE] apb_monitor build phase
UVM_INFO C:/Users/kccistc/Documents/GitHub/Braille_generator_FPGA/uvm/project_1/project_1.srcs/sim_1/imports/new/scoreboard.sv(21) @ 0: uvm_test_top.tb.sb [scoreboard] [BUILD_PHASE] scoreboard build
UVM_INFO C:/Users/kccistc/Documents/GitHub/Braille_generator_FPGA/uvm/project_1/project_1.srcs/sim_1/imports/new/apb_agent.sv(29) @ 0: uvm_test_top.tb.apb.agent [apb_agent] [CONNECT PHASE] connect start
UVM_INFO C:/Users/kccistc/Documents/GitHub/Braille_generator_FPGA/uvm/project_1/project_1.srcs/sim_1/imports/new/tb_env.sv(21) @ 0: uvm_test_top.tb [uvm_test_top.tb] Connect phase complete.
UVM_INFO /proj/xbuilds/SWIP/2020.2_0711_1805/installs/lin64/Vivado/2020.2/data/system_verilog/uvm_1.2/xlnx_uvm_package.sv(20867) @ 0: reporter [UVM/COMP/NAMECHECK] This implementation of the component name checks requires DPI to be enabled
UVM_INFO C:/Users/kccistc/Documents/GitHub/Braille_generator_FPGA/uvm/project_1/project_1.srcs/sim_1/imports/new/cnn_test.sv(16) @ 0: uvm_test_top [uvm_test_top] run_phase
UVM_INFO C:/Users/kccistc/Documents/GitHub/Braille_generator_FPGA/uvm/project_1/project_1.srcs/sim_1/imports/new/scoreboard.sv(26) @ 0: uvm_test_top.tb.sb [scoreboard] [RUN_PHASE] scoreboard run_phase
UVM_INFO C:/Users/kccistc/Documents/GitHub/Braille_generator_FPGA/uvm/project_1/project_1.srcs/sim_1/imports/new/apb_monitor.sv(31) @ 0: uvm_test_top.tb.apb.agent.monitor [apb_monitor] run_phase
UVM_INFO C:/Users/kccistc/Documents/GitHub/Braille_generator_FPGA/uvm/project_1/project_1.srcs/sim_1/imports/new/apb_monitor.sv(38) @ 0: uvm_test_top.tb.apb.agent.monitor [uvm_test_top.tb.apb.agent.monitor] Run stage start.
UVM_INFO C:/Users/kccistc/Documents/GitHub/Braille_generator_FPGA/uvm/project_1/project_1.srcs/sim_1/imports/new/apb_driver.sv(20) @ 0: uvm_test_top.tb.apb.agent.driver [apb_driver] [RUN PHASE] driver run_phase start
UVM_INFO C:/Users/kccistc/Documents/GitHub/Braille_generator_FPGA/uvm/project_1/project_1.srcs/sim_1/imports/new/apb_driver.sv(40) @ 0: uvm_test_top.tb.apb.agent.driver [apb_driver] Drive signals ... 
UVM_INFO C:/Users/kccistc/Documents/GitHub/Braille_generator_FPGA/uvm/project_1/project_1.srcs/sim_1/imports/new/cnn_seq.sv(44) @ 0: uvm_test_top.tb.apb.agent.sequencer@@seq [cnn_sequence] cnn_seq body() start
UVM_INFO C:/Users/kccistc/Documents/GitHub/Braille_generator_FPGA/uvm/project_1/project_1.srcs/sim_1/imports/new/cnn_seq.sv(9) @ 0: uvm_test_top.tb.apb.agent.sequencer@@seq [cnn_sequence] [HW_WRITE] ADDR: 0x008, WDATA: 0x004
UVM_INFO C:/Users/kccistc/Documents/GitHub/Braille_generator_FPGA/uvm/project_1/project_1.srcs/sim_1/imports/new/apb_driver.sv(30) @ 1000: uvm_test_top.tb.apb.agent.driver [apb_driver] negedge apb_vif.PRESETN
UVM_INFO C:/Users/kccistc/Documents/GitHub/Braille_generator_FPGA/uvm/project_1/project_1.srcs/sim_1/imports/new/scoreboard.sv(97) @ 20000: uvm_test_top.tb.sb [scoreboard] [Packet] ADDR: 0x008, [DUT] ADDR: 0x008
UVM_INFO C:/Users/kccistc/Documents/GitHub/Braille_generator_FPGA/uvm/project_1/project_1.srcs/sim_1/imports/new/scoreboard.sv(101) @ 20000: uvm_test_top.tb.sb [scoreboard] [Packet] WDATA: 0x004, [DUT] WDATA: 0x004
UVM_INFO C:/Users/kccistc/Documents/GitHub/Braille_generator_FPGA/uvm/project_1/project_1.srcs/sim_1/imports/new/cnn_seq.sv(9) @ 35000: uvm_test_top.tb.apb.agent.sequencer@@seq [cnn_sequence] [HW_WRITE] ADDR: 0x000, WDATA: 0x002
UVM_INFO C:/Users/kccistc/Documents/GitHub/Braille_generator_FPGA/uvm/project_1/project_1.srcs/sim_1/imports/new/scoreboard.sv(97) @ 60000: uvm_test_top.tb.sb [scoreboard] [Packet] ADDR: 0x000, [DUT] ADDR: 0x000
UVM_INFO C:/Users/kccistc/Documents/GitHub/Braille_generator_FPGA/uvm/project_1/project_1.srcs/sim_1/imports/new/scoreboard.sv(101) @ 60000: uvm_test_top.tb.sb [scoreboard] [Packet] WDATA: 0x002, [DUT] WDATA: 0x002
UVM_INFO C:/Users/kccistc/Documents/GitHub/Braille_generator_FPGA/uvm/project_1/project_1.srcs/sim_1/imports/new/cnn_seq.sv(9) @ 75000: uvm_test_top.tb.apb.agent.sequencer@@seq [cnn_sequence] [HW_WRITE] ADDR: 0x004, WDATA: 0x001
UVM_INFO C:/Users/kccistc/Documents/GitHub/Braille_generator_FPGA/uvm/project_1/project_1.srcs/sim_1/imports/new/scoreboard.sv(97) @ 100000: uvm_test_top.tb.sb [scoreboard] [Packet] ADDR: 0x004, [DUT] ADDR: 0x004
UVM_INFO C:/Users/kccistc/Documents/GitHub/Braille_generator_FPGA/uvm/project_1/project_1.srcs/sim_1/imports/new/scoreboard.sv(101) @ 100000: uvm_test_top.tb.sb [scoreboard] [Packet] WDATA: 0x001, [DUT] WDATA: 0x001
UVM_INFO C:/Users/kccistc/Documents/GitHub/Braille_generator_FPGA/uvm/project_1/project_1.srcs/sim_1/imports/new/scoreboard.sv(97) @ 140000: uvm_test_top.tb.sb [scoreboard] [Packet] ADDR: 0x008, [DUT] ADDR: 0x008
UVM_INFO C:/Users/kccistc/Documents/GitHub/Braille_generator_FPGA/uvm/project_1/project_1.srcs/sim_1/imports/new/scoreboard.sv(104) @ 140000: uvm_test_top.tb.sb [scoreboard] [Packet] RDATA: 0x004, [DUT] RDATA: 0x004
UVM_INFO C:/Users/kccistc/Documents/GitHub/Braille_generator_FPGA/uvm/project_1/project_1.srcs/sim_1/imports/new/scoreboard.sv(62) @ 155000: uvm_test_top.tb.sb [scoreboard] Fmap set to: 0x04
UVM_INFO C:/Users/kccistc/Documents/GitHub/Braille_generator_FPGA/uvm/project_1/project_1.srcs/sim_1/imports/new/cnn_seq.sv(26) @ 155000: uvm_test_top.tb.apb.agent.sequencer@@seq [cnn_sequence] [HW_READ] ADDR: 0x008, RDATA: 0x004
UVM_INFO C:/Users/kccistc/Documents/GitHub/Braille_generator_FPGA/uvm/project_1/project_1.srcs/sim_1/imports/new/scoreboard.sv(97) @ 180000: uvm_test_top.tb.sb [scoreboard] [Packet] ADDR: 0x000, [DUT] ADDR: 0x000
UVM_INFO C:/Users/kccistc/Documents/GitHub/Braille_generator_FPGA/uvm/project_1/project_1.srcs/sim_1/imports/new/scoreboard.sv(104) @ 180000: uvm_test_top.tb.sb [scoreboard] [Packet] RDATA: 0x002, [DUT] RDATA: 0x002
UVM_INFO C:/Users/kccistc/Documents/GitHub/Braille_generator_FPGA/uvm/project_1/project_1.srcs/sim_1/imports/new/scoreboard.sv(55) @ 185000: uvm_test_top.tb.sb [scoreboard] Weight set to: 0x02
UVM_INFO C:/Users/kccistc/Documents/GitHub/Braille_generator_FPGA/uvm/project_1/project_1.srcs/sim_1/imports/new/cnn_seq.sv(26) @ 195000: uvm_test_top.tb.apb.agent.sequencer@@seq [cnn_sequence] [HW_READ] ADDR: 0x000, RDATA: 0x002
UVM_INFO C:/Users/kccistc/Documents/GitHub/Braille_generator_FPGA/uvm/project_1/project_1.srcs/sim_1/imports/new/scoreboard.sv(97) @ 220000: uvm_test_top.tb.sb [scoreboard] [Packet] ADDR: 0x004, [DUT] ADDR: 0x004
UVM_INFO C:/Users/kccistc/Documents/GitHub/Braille_generator_FPGA/uvm/project_1/project_1.srcs/sim_1/imports/new/scoreboard.sv(104) @ 220000: uvm_test_top.tb.sb [scoreboard] [Packet] RDATA: 0x001, [DUT] RDATA: 0x001
UVM_INFO C:/Users/kccistc/Documents/GitHub/Braille_generator_FPGA/uvm/project_1/project_1.srcs/sim_1/imports/new/scoreboard.sv(75) @ 235000: uvm_test_top.tb.sb [scoreboard] [PASS] fmap (0x04) × weight (0x02) = 0x0008 (cnn_out)
UVM_INFO C:/Users/kccistc/Documents/GitHub/Braille_generator_FPGA/uvm/project_1/project_1.srcs/sim_1/imports/new/cnn_seq.sv(26) @ 235000: uvm_test_top.tb.apb.agent.sequencer@@seq [cnn_sequence] [HW_READ] ADDR: 0x004, RDATA: 0x001
relaunch_sim: Time (s): cpu = 00:00:00 ; elapsed = 00:00:17 . Memory (MB): peak = 1105.895 ; gain = 0.000
